<?xml version="1.0" encoding="UTF-8"?>
<module type="JAVA_MODULE" version="4">
  <component name="NewModuleRootManager" LANGUAGE_LEVEL="1.8" inherit-compiler-output="true">
    <exclude-output />
    <content url="file://$MODULE_DIR$">
      <sourceFolder url="file://$MODULE_DIR$/src" isTestSource="false"  packagePrefix="com.example"/>

    </content>
    <orderEntry type="jdk" jdkName="Java SDK 1.8" jdkType="JavaSDK" />
    <orderEntry type="sourceFolder" forTests="false" />
  </component>
</module>
